./anonstnbad.svx:2:6: error: Character "." not allowed in station name (use *SET NAMES to set allowed characters)
 *fix . 1 2 3
      ^
./anonstnbad.svx:3:6: error: Character "." not allowed in station name (use *SET NAMES to set allowed characters)
 *fix .. 2 3 4
      ^
./anonstnbad.svx:4:6: error: Character "." not allowed in station name (use *SET NAMES to set allowed characters)
 *fix ... 3 4 5
      ^
./anonstnbad.svx:6:3: error: Can't have a leg between two anonymous stations
 . ... 10.00 123 -01
   ^~~
./anonstnbad.svx:7:5: error: Can't have a leg between two anonymous stations
 ... .. 0.91 359 +67
     ^~
./anonstnbad.svx:8:4: error: Can't have a leg between two anonymous stations
 .. .   1.23 321 -21
    ^

Removing trailing traverses...

Concatenating traverses...

Simplifying network...

Calculating network...

Calculating traverses...

Calculating trailing traverses...
./anonstnbad.svx:5: warning: Unused fixed point "1"

Calculating statistics...

Survey contains 1 survey station, joined by 0 legs.
There are 0 loops.
Total length of survey legs =    0.00m (   0.00m adjusted)
Total plan length of survey legs =    0.00m
Total vertical length of survey legs =    0.00m

There were 1 warning(s) and 6 error(s) - no output files produced.
