./beginroot.svx:4:2: warning: *prefix is deprecated - use *begin and *end instead
 *prefix \
  ^~~~~~
./beginroot.svx:4:9: warning: ROOT is deprecated
 *prefix \
         ^
./beginroot.svx:5:8: warning: ROOT is deprecated
 *begin \
        ^
./beginroot.svx:7:6: warning: ROOT is deprecated
 *end \
      ^

Removing trailing traverses...

Concatenating traverses...

Simplifying network...

Calculating network...

Calculating traverses...

Calculating trailing traverses...
./beginroot.svx:6: warning: Unused fixed point "1"

Calculating statistics...

Survey contains 1 survey station, joined by 0 legs.
There are 0 loops.
Total length of survey legs =    0.00m (   0.00m adjusted)
Total plan length of survey legs =    0.00m
Total vertical length of survey legs =    0.00m

There were 5 warning(s).
