./cmd_datebad.svx:4:15: warning: Invalid day of the month
 *date 1900.02.29
               ^~
./cmd_datebad.svx:5:15: warning: Invalid day of the month
 *date 1975.01.32
               ^~
./cmd_datebad.svx:6:15: warning: Invalid day of the month
 *date 1975.02.29
               ^~
./cmd_datebad.svx:7:15: warning: Invalid day of the month
 *date 1975.03.32
               ^~
./cmd_datebad.svx:8:15: warning: Invalid day of the month
 *date 1975.04.31
               ^~
./cmd_datebad.svx:9:15: warning: Invalid day of the month
 *date 1975.05.32
               ^~
./cmd_datebad.svx:10:15: warning: Invalid day of the month
 *date 1975.06.31
               ^~
./cmd_datebad.svx:11:15: warning: Invalid day of the month
 *date 1975.07.32
               ^~
./cmd_datebad.svx:12:15: warning: Invalid day of the month
 *date 1975.08.32
               ^~
./cmd_datebad.svx:13:15: warning: Invalid day of the month
 *date 1975.09.31
               ^~
./cmd_datebad.svx:14:15: warning: Invalid day of the month
 *date 1975.10.32
               ^~
./cmd_datebad.svx:15:15: warning: Invalid day of the month
 *date 1975.11.31
               ^~
./cmd_datebad.svx:16:15: warning: Invalid day of the month
 *date 1975.12.32
               ^~
./cmd_datebad.svx:17:15: warning: Invalid day of the month
 *date 1976.02.30
               ^~
./cmd_datebad.svx:18:15: warning: Invalid day of the month
 *date 1976.03.32
               ^~
./cmd_datebad.svx:19:15: warning: Invalid day of the month
 *date 1976.04.31
               ^~
./cmd_datebad.svx:20:15: warning: Invalid day of the month
 *date 1976.05.32
               ^~
./cmd_datebad.svx:21:15: warning: Invalid day of the month
 *date 1976.06.31
               ^~
./cmd_datebad.svx:22:15: warning: Invalid day of the month
 *date 1976.07.32
               ^~
./cmd_datebad.svx:23:15: warning: Invalid day of the month
 *date 1976.08.32
               ^~
./cmd_datebad.svx:24:15: warning: Invalid day of the month
 *date 1976.09.31
               ^~
./cmd_datebad.svx:25:15: warning: Invalid day of the month
 *date 1976.10.32
               ^~
./cmd_datebad.svx:26:15: warning: Invalid day of the month
 *date 1976.11.31
               ^~
./cmd_datebad.svx:27:15: warning: Invalid day of the month
 *date 1976.12.32
               ^~
./cmd_datebad.svx:28:15: warning: Invalid day of the month
 *date 2000.01.32
               ^~
./cmd_datebad.svx:29:15: warning: Invalid day of the month
 *date 2000.02.30
               ^~
./cmd_datebad.svx:30:15: warning: Invalid day of the month
 *date 2000.03.32
               ^~
./cmd_datebad.svx:31:15: warning: Invalid day of the month
 *date 2000.04.31
               ^~
./cmd_datebad.svx:32:15: warning: Invalid day of the month
 *date 2000.05.32
               ^~
./cmd_datebad.svx:33:15: warning: Invalid day of the month
 *date 2000.06.31
               ^~
./cmd_datebad.svx:34:15: warning: Invalid day of the month
 *date 2000.07.32
               ^~
./cmd_datebad.svx:35:15: warning: Invalid day of the month
 *date 2000.08.32
               ^~
./cmd_datebad.svx:36:15: warning: Invalid day of the month
 *date 2000.09.31
               ^~
./cmd_datebad.svx:37:15: warning: Invalid day of the month
 *date 2000.10.32
               ^~
./cmd_datebad.svx:38:15: warning: Invalid day of the month
 *date 2000.11.31
               ^~
./cmd_datebad.svx:39:15: warning: Invalid day of the month
 *date 2000.12.32
               ^~
./cmd_datebad.svx:40:15: warning: Invalid day of the month
 *date 2000.01.32
               ^~

Removing trailing traverses...

Concatenating traverses...

Simplifying network...

Calculating network...

Calculating traverses...

Calculating trailing traverses...

Calculating statistics...

Survey contains 2 survey stations, joined by 1 leg.
There are 0 loops.
Total length of survey legs =    1.00m (   1.00m adjusted)
Total plan length of survey legs =    1.00m
Total vertical length of survey legs =    0.05m
Vertical range = 0.05m (from 1 at 0.00m to 2 at -0.05m)
North-South range = 0.94m (from 2 at 0.94m to 1 at 0.00m)
East-West range = 0.34m (from 2 at 0.34m to 1 at 0.00m)

There were 37 warning(s).
