./diving.svx:6:14: warning: Tape reading is less than change in depth
 3 3a 0.0 1.1 1.00 180
              ^~~~

Removing trailing traverses...

Concatenating traverses...

Simplifying network...

Calculating network...

Calculating traverses...

Calculating trailing traverses...

Calculating statistics...

Survey contains 11 survey stations, joined by 10 legs.
There are 0 loops.
Total length of survey legs =   33.03m (  33.03m adjusted)
Total plan length of survey legs =   28.93m
Total vertical length of survey legs =   13.03m
Vertical range = 13.03m (from 3a at 1.03m to 10 at -12.00m)
North-South range = 13.00m (from 10 at 13.00m to 5 at -0.00m)
East-West range = 6.93m (from 10 at 3.93m to 9 at -3.00m)

There were 1 warning(s).
