./multidiving.svx:17:3: warning: Tape reading is less than change in depth
   0.99 000
   ^~~~

Removing trailing traverses...

Concatenating traverses...

Simplifying network...

Calculating network...

Calculating traverses...

Calculating trailing traverses...

Calculating statistics...

Survey contains 6 survey stations, joined by 5 legs.
There are 0 loops.
Total length of survey legs =    4.99m (   4.99m adjusted)
Total plan length of survey legs =    4.00m
Total vertical length of survey legs =    0.99m
Vertical range = 0.99m (from 6 at 0.99m to 5 at 0.00m)
North-South range = 1.00m (from 3 at 1.00m to 6 at -0.00m)
East-West range = 1.00m (from 4 at 1.00m to 2 at 0.00m)
   2 1-nodes.
   4 2-nodes.
There were 1 warning(s).
