./reenterlots.svx:7:8: warning: Reentering an existing survey is deprecated
 *begin svy
        ^~~
./reenterlots.svx:3:8: info: Originally entered here
./reenterlots.svx:10:8: warning: Reentering an existing survey is deprecated
 *begin svy
        ^~~
./reenterlots.svx:3:8: info: Originally entered here
./reenterlots.svx:13:8: warning: Reentering an existing survey is deprecated
 *begin svy
        ^~~
./reenterlots.svx:3:8: info: Originally entered here
./reenterlots.svx:16:8: warning: Reentering an existing survey is deprecated
 *begin svy
        ^~~
./reenterlots.svx:3:8: info: Originally entered here
./reenterlots.svx:19:8: warning: Reentering an existing survey is deprecated
 *begin svy
        ^~~
./reenterlots.svx:3:8: info: Originally entered here
./reenterlots.svx:19: info: Further uses of this deprecated feature will not be reported
 *begin svy

Removing trailing traverses...

Concatenating traverses...

Simplifying network...

Calculating network...

Calculating traverses...

Calculating trailing traverses...

Calculating statistics...

Survey contains 9 survey stations, joined by 8 legs.
There are 0 loops.
Total length of survey legs =   80.00m (  80.00m adjusted)
Total plan length of survey legs =   60.00m
Total vertical length of survey legs =   20.00m
Vertical range = 20.00m (from svy.9 at 10.00m to svy.8 at -10.00m)
North-South range = 20.00m (from svy.2 at 10.00m to svy.5 at -10.00m)
East-West range = 17.32m (from svy.4 at 8.66m to svy.7 at -8.66m)

There were 5 warning(s).
