./suspectreadings.svx:3:5: warning: Negative tape reading
 1 2 -0.10 361 -91
     ^~~~~
./suspectreadings.svx:3:5: warning: Negative adjusted tape reading
 1 2 -0.10 361 -91
     ^~~~~
./suspectreadings.svx:3:11: warning: Suspicious compass reading
 1 2 -0.10 361 -91
           ^~~
./suspectreadings.svx:3:15: warning: Clino reading over 90dg (absolute value)
 1 2 -0.10 361 -91
               ^~~

Removing trailing traverses...

Concatenating traverses...

Simplifying network...

Calculating network...

Calculating traverses...

Calculating trailing traverses...

Calculating statistics...

Survey contains 2 survey stations, joined by 1 leg.
There are 0 loops.
Total length of survey legs =    0.10m (   0.10m adjusted)
Total plan length of survey legs =    0.00m
Total vertical length of survey legs =    0.10m
Vertical range = 0.10m (from 2 at 0.10m to 1 at 0.00m)
North-South range = 0.00m (from 2 at 0.00m to 1 at 0.00m)
East-West range = 0.00m (from 2 at 0.00m to 1 at 0.00m)

There were 4 warning(s).
